
> sell_exa@1.3.11 test:unit
> vitest --ui run --dir src/test/unit src/test/unit/stores/useCompanyStore.test.ts src/test/unit/stores/useModelStore.test.ts


[1m[46m RUN [49m[22m [36mv4.0.15 [39m[90mC:/Users/DELL/Desktop/sell_exa_desktop_app/frontend[39m
      [2m[32mUI started at http://localhost:[1m51204[22m[2m/__vitest__/[39m[22m

[90mstdout[2m | src/test/unit/stores/useModelStore.test.ts[2m:41:5[22m[2m[2m > [22m[2museModelStore[2m > [22m[2mgetModels[2m > [22m[2mshould handle fetch models error
[22m[39mError: Network error

[90mstdout[2m | src/test/unit/stores/useModelStore.test.ts[2m:55:5[22m[2m[2m > [22m[2museModelStore[2m > [22m[2mgetModels[2m > [22m[2mshould use default error message when none provided
[22m[39mError: Network error

[90mstdout[2m | src/test/unit/stores/useModelStore.test.ts[2m:109:5[22m[2m[2m > [22m[2museModelStore[2m > [22m[2mcreateModel[2m > [22m[2mshould handle create model error
[22m[39mError: Creation failed

[90mstdout[2m | src/test/unit/stores/useModelStore.test.ts[2m:186:5[22m[2m[2m > [22m[2museModelStore[2m > [22m[2mupdateModel[2m > [22m[2mshould handle update model error
[22m[39mError: Update failed

[90mstdout[2m | src/test/unit/stores/useCompanyStore.test.ts[2m:40:5[22m[2m[2m > [22m[2museCompanyStore[2m > [22m[2mgetCompanies[2m > [22m[2mshould handle fetch companies error
[22m[39mError: Network error

[90mstdout[2m | src/test/unit/stores/useModelStore.test.ts[2m:227:5[22m[2m[2m > [22m[2museModelStore[2m > [22m[2mdeleteModel[2m > [22m[2mshould handle delete model error
[22m[39mError: Delete failed

 [32mΓ£ô[39m src/test/unit/stores/useModelStore.test.ts [2m([22m[2m14 tests[22m[2m)[22m[32m 107[2mms[22m[39m
[90mstdout[2m | src/test/unit/stores/useCompanyStore.test.ts[2m:98:5[22m[2m[2m > [22m[2museCompanyStore[2m > [22m[2mcreateCompany[2m > [22m[2mshould handle create company failure
[22m[39mError: Creation failed

[90mstdout[2m | src/test/unit/stores/useCompanyStore.test.ts[2m:187:5[22m[2m[2m > [22m[2museCompanyStore[2m > [22m[2mupdateCompany[2m > [22m[2mshould handle update company error
[22m[39mError: Update failed

[90mstdout[2m | src/test/unit/stores/useCompanyStore.test.ts[2m:203:5[22m[2m[2m > [22m[2museCompanyStore[2m > [22m[2mupdateCompany[2m > [22m[2mshould handle unsuccessful response
[22m[39mError: Update company failed

[90mstdout[2m | src/test/unit/stores/useCompanyStore.test.ts[2m:244:5[22m[2m[2m > [22m[2museCompanyStore[2m > [22m[2mdelete company[2m > [22m[2mshould handle delete company error
[22m[39mError: Delete failed

 [31mΓ¥»[39m src/test/unit/stores/useCompanyStore.test.ts [2m([22m[2m16 tests[22m[2m | [22m[31m1 failed[39m[2m)[22m[32m 155[2mms[22m[39m
[31m       [31m├ù[31m should fetch companies successfully[39m[32m 17[2mms[22m[39m
       [32mΓ£ô[39m should handle fetch companies error[32m 5[2mms[22m[39m
       [32mΓ£ô[39m should set loading to true while fetching[32m 101[2mms[22m[39m
       [32mΓ£ô[39m should create company successfully[32m 8[2mms[22m[39m
       [32mΓ£ô[39m should handle create company failure[32m 2[2mms[22m[39m
       [32mΓ£ô[39m should optimistically update companies after successful creation[32m 1[2mms[22m[39m
       [32mΓ£ô[39m should refresh companies if server does not return new company data[32m 1[2mms[22m[39m
       [32mΓ£ô[39m should update company successfully[32m 4[2mms[22m[39m
       [32mΓ£ô[39m should fail if company name is missing[32m 2[2mms[22m[39m
       [32mΓ£ô[39m should handle update company error[32m 1[2mms[22m[39m
       [32mΓ£ô[39m should handle unsuccessful response[32m 2[2mms[22m[39m
       [32mΓ£ô[39m should delete company successfully[32m 2[2mms[22m[39m
       [32mΓ£ô[39m should handle delete company error[32m 1[2mms[22m[39m
       [32mΓ£ô[39m should optimistically remove company after deletion[32m 1[2mms[22m[39m
       [32mΓ£ô[39m should set loading to false after all operations[32m 1[2mms[22m[39m
       [32mΓ£ô[39m should set loading to false even on error[32m 1[2mms[22m[39m
node.exe : 
At line:1 char:1
+ & "C:\Program 
Files\nodejs/node.exe" "C:\Program 
Files\nodejs/node_mo ...
+ ~~~~~~~~~~~~~~~~~~~~~~~~~~~~~~~~~
~~~~~~~~~~~~~~~~~~~~~~~~~~~~~~~~~~~
~
    + CategoryInfo          : NotS 
   pecified: (:String) [], Remote  
  Exception
    + FullyQualifiedErrorId : Nati 
   veCommandError
 
[31mΓÄ»ΓÄ»ΓÄ»ΓÄ»ΓÄ»ΓÄ»ΓÄ»[39m[1m
[41m Failed Tests 1 [49m[22m[31
mΓÄ»ΓÄ»ΓÄ»ΓÄ»ΓÄ»ΓÄ»ΓÄ»[39m

[41m[1m FAIL [22m[49m src/test/
unit/stores/useCompanyStore.test.ts
[2m:22:5[22m[2m > 
[22museCompanyStore[2m > 
[22mgetCompanies[2m > 
[22mshould fetch companies 
successfully
[31m[1mAssertionError[22m: 
expected "vi.fn()" to be called 
with arguments: [ '/api/company/' 
][90m

Received: 

[1m  1st vi.fn() call:

[22m[2m  [[22m
[32m-   "/api/company/",[90m
[31m+   "/api/company/?page=1&limi
t=10",[90m
[2m  ][22m
[31m[90m

Number of calls: [1m1[22m
[31m[39m
[36m [2mΓ¥»[22m src/test/unit/st
ores/useCompanyStore.test.ts:[2m37
:25[22m[39m
    [90m 35| [39m      expect(use
CompanyStore.getState().companies).
toEqual(mockCompaniΓÇª
    [90m 36| [39m      [34mexpec
t[39m(useCompanyStore[33m.[39m[
34mgetState[39m()[33m.[39mloadin
g)[33m.[39m[34mtoBe[39m([35mfa
lse[39m)[33m;[39m
    [90m 37| [39m      [34mexpec
t[39m(axios[33m.[39m[35mget[39
m)[33m.[39m[34mtoHaveBeenCalledW
ith[39m([32m"/api/company/"[39m)
[33m;[39m
    [90m   | [39m                
        [31m^[39m
    [90m 38| [39m    
})[33m;[39m
    [90m 39| [39m

[31m[2mΓÄ»ΓÄ»ΓÄ»ΓÄ»ΓÄ»ΓÄ»ΓÄ»ΓÄ»ΓÄ
»ΓÄ»ΓÄ»ΓÄ»ΓÄ»ΓÄ»ΓÄ»ΓÄ»ΓÄ»ΓÄ»ΓÄ»ΓÄ»Γ
Ä»ΓÄ»ΓÄ»ΓÄ»[1/1]ΓÄ»[22m[39m


[2m Test Files [22m [1m[31m1 failed[39m[22m[2m | [22m[1m[32m1 passed[39m[22m[90m (2)[39m
[2m      Tests [22m [1m[31m1 failed[39m[22m[2m | [22m[1m[32m29 passed[39m[22m[90m (30)[39m
[2m   Start at [22m 15:20:05
[2m   Duration [22m 6.46s[2m (transform 439ms, setup 1.48s, import 1.34s, tests 262ms, environment 8.49s)[22m

